#
# There is insufficient memory for the Java Runtime Environment to continue.
# Native memory allocation (malloc) failed to allocate 1048576 bytes for AllocateHeap
# Possible reasons:
#   The system is out of physical RAM or swap space
#   The process is running with CompressedOops enabled, and the Java Heap may be blocking the growth of the native heap
# Possible solutions:
#   Reduce memory load on the system
#   Increase physical memory or swap space
#   Check if swap backing store is full
#   Decrease Java heap size (-Xmx/-Xms)
#   Decrease number of Java threads
#   Decrease Java thread stack sizes (-Xss)
#   Set larger code cache with -XX:ReservedCodeCacheSize=
#   JVM is running with Unscaled Compressed Oops mode in which the Java heap is
#     placed in the first 4GB address space. The Java Heap base address is the
#     maximum limit for the native heap growth. Please use -XX:HeapBaseMinAddress
#     to set the Java Heap base and to place the Java Heap above 4GB virtual address.
# This output file may be truncated or incomplete.
#
#  Out of Memory Error (allocation.cpp:44), pid=29492, tid=16964
#
# JRE version:  (21.0.3+7) (build )
# Java VM: Java HotSpot(TM) 64-Bit Server VM (21.0.3+7-LTS-152, mixed mode, sharing, tiered, compressed oops, compressed class ptrs, g1 gc, windows-amd64)
# No core dump will be written. Minidumps are not enabled by default on client versions of Windows
#

---------------  S U M M A R Y ------------

Command Line: -Dapplication.home=C:\Program Files\Java\jdk-21 -Xms8m -Djdk.module.main=java.base java.base/sun.security.tools.keytool.Main

Host: 12th Gen Intel(R) Core(TM) i5-1250P, 16 cores, 15G,  Windows 11 , 64 bit Build 22000 (10.0.22000.2538)
Time: Tue Nov 18 01:30:17 2025 Romance Standard Time elapsed time: 0.068511 seconds (0d 0h 0m 0s)

---------------  T H R E A D  ---------------

Current thread (0x000001d2e057ca90):  JavaThread "Unknown thread" [_thread_in_vm, id=16964, stack(0x000000cba2b00000,0x000000cba2c00000) (1024K)]

Stack: [0x000000cba2b00000,0x000000cba2c00000]
Native frames: (J=compiled Java code, j=interpreted, Vv=VM code, C=native code)
V  [jvm.dll+0x6c63b9]
V  [jvm.dll+0x84fa11]
V  [jvm.dll+0x851f3e]
V  [jvm.dll+0x852613]
V  [jvm.dll+0x27cd46]
V  [jvm.dll+0xbf657]
V  [jvm.dll+0x3226f5]
V  [jvm.dll+0x818f2d]
V  [jvm.dll+0x3b7771]
V  [jvm.dll+0x802358]
V  [jvm.dll+0x44c7ce]
V  [jvm.dll+0x44e2a1]
C  [jli.dll+0x52a3]
C  [ucrtbase.dll+0x26c0c]
C  [KERNEL32.DLL+0x153e0]
C  [ntdll.dll+0x485b]


---------------  P R O C E S S  ---------------

Threads class SMR info:
_java_thread_list=0x00007fff8fb51b88, length=0, elements={
}

Java Threads: ( => current thread )
Total: 0

Other Threads:

=>0x000001d2e057ca90 (exited) JavaThread "Unknown thread"    [_thread_in_vm, id=16964, stack(0x000000cba2b00000,0x000000cba2c00000) (1024K)]
Total: 1

Threads with active compile tasks:
Total: 0

VM state: not at safepoint (not fully initialized)

VM Mutex/Monitor currently owned by a thread: None

Heap address: 0x0000000000000000, size: 0 MB, Compressed Oops mode: 32-bit

CDS archive(s) mapped at: [0x0000000000000000-0x0000000000000000-0x0000000000000000), size 0, SharedBaseAddress: 0x0000000800000000, ArchiveRelocationMode: 1.
Narrow klass base: 0x0000000000000000, Narrow klass shift: 0, Narrow klass range: 0x0

GC Precious Log:
 CardTable entry size: 512
 Card Set container configuration: InlinePtr #cards 4 size 8 Array Of Cards #cards 16 size 48 Howl #buckets 8 coarsen threshold 3686 Howl Bitmap #cards 512 size 80 coarsen threshold 460 Card regions per heap region 1 cards per card region 4096

GC Heap History (0 events):
No events

Dll operation events (1 events):
Event: 0.048 Loaded shared library C:\Program Files\Java\jdk-21\bin\java.dll

Deoptimization events (0 events):
No events

Classes loaded (0 events):
No events

Classes unloaded (0 events):
No events

Classes redefined (0 events):
No events

Internal exceptions (0 events):
No events

ZGC Phase Switch (0 events):
No events

VM Operations (0 events):
No events

Events (0 events):
No events


Dynamic libraries:
0x00007ff6029f0000 - 0x00007ff6029f8000 	C:\Program Files\Java\jdk-21\bin\keytool.exe
0x00007ffff11e0000 - 0x00007ffff13e9000 	C:\Windows\SYSTEM32\ntdll.dll
0x00007ffff0cb0000 - 0x00007ffff0d6d000 	C:\Windows\System32\KERNEL32.DLL
0x00007fffee740000 - 0x00007fffeeac4000 	C:\Windows\System32\KERNELBASE.dll
0x00007fffeebf0000 - 0x00007fffeed01000 	C:\Windows\System32\ucrtbase.dll
0x00007fffd13c0000 - 0x00007fffd13db000 	C:\Program Files\Java\jdk-21\bin\VCRUNTIME140.dll
0x00007fffd0010000 - 0x00007fffd0029000 	C:\Program Files\Java\jdk-21\bin\jli.dll
0x00007ffff04d0000 - 0x00007ffff057e000 	C:\Windows\System32\ADVAPI32.dll
0x00007ffff0a60000 - 0x00007ffff0b03000 	C:\Windows\System32\msvcrt.dll
0x00007ffff0f40000 - 0x00007ffff0fde000 	C:\Windows\System32\sechost.dll
0x00007fffef030000 - 0x00007fffef151000 	C:\Windows\System32\RPCRT4.dll
0x00007fffef7a0000 - 0x00007fffef94d000 	C:\Windows\System32\USER32.dll
0x00007fffee710000 - 0x00007fffee736000 	C:\Windows\System32\win32u.dll
0x00007fffc9c70000 - 0x00007fffc9f15000 	C:\Windows\WinSxS\amd64_microsoft.windows.common-controls_6595b64144ccf1df_6.0.22000.120_none_9d947278b86cc467\COMCTL32.dll
0x00007ffff0d70000 - 0x00007ffff0d9a000 	C:\Windows\System32\GDI32.dll
0x00007fffeead0000 - 0x00007fffeebee000 	C:\Windows\System32\gdi32full.dll
0x00007fffee670000 - 0x00007fffee70d000 	C:\Windows\System32\msvcp_win.dll
0x00007fffed2e0000 - 0x00007fffed2ea000 	C:\Windows\SYSTEM32\VERSION.dll
0x00007ffff0fe0000 - 0x00007ffff1011000 	C:\Windows\System32\IMM32.DLL
0x00007fffeaf70000 - 0x00007fffeaf7c000 	C:\Program Files\Java\jdk-21\bin\vcruntime140_1.dll
0x00007fffbe580000 - 0x00007fffbe60e000 	C:\Program Files\Java\jdk-21\bin\msvcp140.dll
0x00007fff8ef90000 - 0x00007fff8fc9d000 	C:\Program Files\Java\jdk-21\bin\server\jvm.dll
0x00007ffff1110000 - 0x00007ffff117f000 	C:\Windows\System32\WS2_32.dll
0x00007fffee3a0000 - 0x00007fffee3ed000 	C:\Windows\SYSTEM32\POWRPROF.dll
0x00007fffeb080000 - 0x00007fffeb0b3000 	C:\Windows\SYSTEM32\WINMM.dll
0x00007fffee380000 - 0x00007fffee393000 	C:\Windows\SYSTEM32\UMPDC.dll
0x00007fffed6a0000 - 0x00007fffed6b8000 	C:\Windows\SYSTEM32\kernel.appcore.dll
0x00007fffe7d30000 - 0x00007fffe7d3a000 	C:\Program Files\Java\jdk-21\bin\jimage.dll
0x00007fffebd10000 - 0x00007fffebf31000 	C:\Windows\SYSTEM32\DBGHELP.DLL
0x00007fffb0fd0000 - 0x00007fffb1001000 	C:\Windows\SYSTEM32\dbgcore.DLL
0x00007fffeefb0000 - 0x00007fffef02f000 	C:\Windows\System32\bcryptPrimitives.dll
0x00007fffca3e0000 - 0x00007fffca3ff000 	C:\Program Files\Java\jdk-21\bin\java.dll

dbghelp: loaded successfully - version: 4.0.5 - missing functions: none
symbol engine: initialized successfully - sym options: 0x614 - pdb path: .;C:\Program Files\Java\jdk-21\bin;C:\Windows\SYSTEM32;C:\Windows\WinSxS\amd64_microsoft.windows.common-controls_6595b64144ccf1df_6.0.22000.120_none_9d947278b86cc467;C:\Program Files\Java\jdk-21\bin\server

VM Arguments:
jvm_args: -Dapplication.home=C:\Program Files\Java\jdk-21 -Xms8m -Djdk.module.main=java.base 
java_command: java.base/sun.security.tools.keytool.Main
java_class_path (initial): <not set>
Launcher Type: SUN_STANDARD

[Global flags]
     intx CICompilerCount                          = 12                                        {product} {ergonomic}
     uint ConcGCThreads                            = 3                                         {product} {ergonomic}
     uint G1ConcRefinementThreads                  = 13                                        {product} {ergonomic}
   size_t G1HeapRegionSize                         = 2097152                                   {product} {ergonomic}
    uintx GCDrainStackTargetSize                   = 64                                        {product} {ergonomic}
   size_t InitialHeapSize                          = 8388608                                   {product} {command line}
   size_t MarkStackSize                            = 4194304                                   {product} {ergonomic}
   size_t MaxHeapSize                              = 4200595456                                {product} {ergonomic}
   size_t MinHeapDeltaBytes                        = 2097152                                   {product} {ergonomic}
   size_t MinHeapSize                              = 8388608                                   {product} {command line}
    uintx NonNMethodCodeHeapSize                   = 7602480                                {pd product} {ergonomic}
    uintx NonProfiledCodeHeapSize                  = 122027880                              {pd product} {ergonomic}
    uintx ProfiledCodeHeapSize                     = 122027880                              {pd product} {ergonomic}
    uintx ReservedCodeCacheSize                    = 251658240                              {pd product} {ergonomic}
     bool SegmentedCodeCache                       = true                                      {product} {ergonomic}
   size_t SoftMaxHeapSize                          = 4200595456                             {manageable} {ergonomic}
     bool UseCompressedOops                        = true                           {product lp64_product} {ergonomic}
     bool UseG1GC                                  = true                                      {product} {ergonomic}
     bool UseLargePagesIndividualAllocation        = false                                  {pd product} {ergonomic}

Logging:
Log output configuration:
 #0: stdout all=warning uptime,level,tags foldmultilines=false
 #1: stderr all=off uptime,level,tags foldmultilines=false

Environment Variables:
JAVA_HOME=C:\Program Files\Java\jdk-21
PATH=C:\Python314\Scripts\;C:\Python314\;C:\Program Files\Common Files\Oracle\Java\javapath;C:\Program Files (x86)\Common Files\Oracle\Java\java8path;C:\Program Files (x86)\Common Files\Oracle\Java\javapath;C:\Windows\system32;C:\Windows;C:\Windows\System32\Wbem;C:\Windows\System32\WindowsPowerShell\v1.0\;C:\Windows\System32\OpenSSH\;C:\Program Files (x86)\sbt\bin;C:\Program Files\Java\jdk-21\bin;C:\Program Files\Git\cmd;C:\Program Files\Calibre2\;C:\Program Files\dotnet\;C:\Users\PC\AppData\Local\Programs\Python\Python313;C:\Users\PC\AppData\Local\Programs\Python\Python313\Scripts;C:\Program Files\nodejs\;C:\ProgramData\chocolatey\bin;C:\Users\PC\AppData\Local\Programs\Python\Launcher\;C:\Users\PC\AppData\Local\Microsoft\WindowsApps;C:\Users\PC\AppData\Local\Programs\Microsoft VS Code\bin;C:\Users\PC\AppData\Roaming\npm
USERNAME=PC
LANG=en_US.UTF-8
OS=Windows_NT
PROCESSOR_IDENTIFIER=Intel64 Family 6 Model 154 Stepping 3, GenuineIntel
TMP=C:\Users\PC\AppData\Local\Temp
TEMP=C:\Users\PC\AppData\Local\Temp




Periodic native trim disabled

---------------  S Y S T E M  ---------------

OS:
 Windows 11 , 64 bit Build 22000 (10.0.22000.2538)
OS uptime: 8 days 4:41 hours
Hyper-V role detected

CPU: total 16 (initial active 16) (8 cores per cpu, 2 threads per core) family 6 model 154 stepping 3 microcode 0x437, cx8, cmov, fxsr, ht, mmx, 3dnowpref, sse, sse2, sse3, ssse3, sse4.1, sse4.2, popcnt, lzcnt, tsc, tscinvbit, avx, avx2, aes, erms, clmul, bmi1, bmi2, adx, sha, fma, vzeroupper, clflush, clflushopt, clwb, hv, serialize, rdtscp, rdpid, fsrm, f16c, cet_ibt, cet_ss
Processor Information for all 16 processors :
  Max Mhz: 1700, Current Mhz: 1700, Mhz Limit: 1700

Memory: 4k page, system-wide physical 16016M (4540M free)
TotalPageFile size 65168M (AvailPageFile size 5M)
current process WorkingSet (physical memory assigned to process): 10M, peak: 10M
current process commit charge ("private bytes"): 20M, peak: 21M

vm_info: Java HotSpot(TM) 64-Bit Server VM (21.0.3+7-LTS-152) for windows-amd64 JRE (21.0.3+7-LTS-152), built on 2024-03-11T17:42:26Z by "mach5one" with MS VC++ 17.6 (VS2022)

END.
